[2J[0m[1;31mีอออออออออออออออออออออออออออออออออออออออออออออออออออออออออออออออออออออธ[0m
[1;31mณ      [34mÛ  ฿฿฿ÛÛÛ   ÛÛÛÛÛ  ÛÛ   Û    Û      Û       Û Û     Û  ÛÛÛÛ    [31mณ[0m
[1;31mณ[34m     ÛฐÛ   ÛฑฑฑÛ  Ûฑฐฐ   ÛฐÛ  Û   ÛฐÛ     ÛÛ    ฐÛÛ Ûฐ   ฐÛ  ÛฐฐฒÛ   [31mณ[0m
[1;31mณ[34m    Û   Û  Û   Û  ÛÛÛ    Û ฐÛ Û  Û   Û    ÛฐÛ  ฐ ฐÛ Ûฐ   ฐÛ  Û   ฐÛ  [31mณ[0m
[1;31mณ[34m    ÛÛÛÛÛ  ÛÛÛÛ   Ûฐ     Û  ฐÛÛ  ÛÛÛÛÛ    Û ฐÛฐÛฐ Û Ûฐ   ฐÛ  Û    Û  [31mณ[0m
[1;31mณ[34m    ÛฐฐฐÛ  ÛฐฐÛÛ  Û      Û   ฐÛ  ÛฐฐฒÛ    Û  ฐÛฐ  Û  ÛฐฐฐÛ   Û   Û   [31mณ[0m
[1;31mณ[34m    Û   Û  Û   ÛÛ ÛÛÛÛÛ  Û    Û  Û   Û    Û       Û   ÛÛÛ    ÛÛÛÛ    [31mณ[0m
[1;31mณ[34m                                                                     [31mณ[0m
[1;31mฦอออออออออออออออออออออออออออออออออออออออออออออออออออออออออออออออออออออต[0m
[1;31mณ[34m                                                                     [31mณ[0m
[1;31mณ[34m   [33;41m                                                               [34;40m   [31mณ[0m
[1;31mณ[34m   [33;41m       ArenaMUD Battleground (C)2011 SonzoSoft Software        [34;40m   [31mณ[0m
[1;31mณ[34m   [33;41m                                                               [34;40m   [31mณ[0m
[1;31mณ[34m                                                                     [31mณ[0m
[1;31mิอออออออออออออออออออออออออออออออออออออออออออออออออออออออออออออออออออออพ[0m
[0m